******************************************************************************
                  TI ARM Linker PC v5.1.13                     
******************************************************************************
>> Linked Mon Jan 25 00:17:07 2016

OUTPUT FILE NAME:   <lab12.out>
ENTRY POINT SYMBOL: "_c_int00"  address: 0000098d


MEMORY CONFIGURATION

         name            origin    length      used     unused   attr    fill
----------------------  --------  ---------  --------  --------  ----  --------
  FLASH                 00000000   00040000  00000db8  0003f248  R  X
  SRAM                  20000000   00008000  00000849  000077b7  RW X


SEGMENT ALLOCATION MAP

run origin  load origin   length   init length attrs members
----------  ----------- ---------- ----------- ----- -------
00000000    00000000    00000db8   00000db8    r-x
  00000000    00000000    0000026c   0000026c    r-- .intvecs
  0000026c    0000026c    000009c0   000009c0    r-x .text
  00000c2c    00000c2c    00000154   00000154    r-- .const
  00000d80    00000d80    00000038   00000038    r-- .cinit
20000000    20000000    00000849   00000000    rw-
  20000000    20000000    000007d0   00000000    rw- .bss
  200007d0    200007d0    00000064   00000000    rw- .stack
  20000834    20000834    00000015   00000000    rw- .data


SECTION ALLOCATION MAP

 output                                  attributes/
section   page    origin      length       input sections
--------  ----  ----------  ----------   ----------------
.init_array 
*          0    00000000    00000000     UNINITIALIZED

.intvecs   0    00000000    0000026c     
                  00000000    0000026c     tm4c123gh6pm_startup_ccs.obj (.intvecs)

.text      0    0000026c    000009c0     
                  0000026c    000001ec     main.obj (.text)
                  00000458    00000104     driverlib.lib : sysctl.obj (.text:SysCtlClockSet)
                  0000055c    000000c4                   : sysctl.obj (.text:SysCtlClockGet)
                  00000620    000000b8                   : gpio.obj (.text:GPIOPadConfigSet)
                  000006d8    0000009c     rtsv7M4_T_le_v4SPD16_eabi.lib : memcpy_t2.obj (.text)
                  00000774    00000094                                   : auto_init.obj (.text)
                  00000808    0000007a                                   : memset_t2.obj (.text)
                  00000882    00000002     --HOLE-- [fill = 0]
                  00000884    00000060     driverlib.lib : interrupt.obj (.text:IntEnable)
                  000008e4    0000005e     rtsv7M4_T_le_v4SPD16_eabi.lib : copy_decompress_rle.obj (.text)
                  00000942    00000002     --HOLE-- [fill = 0]
                  00000944    00000048     driverlib.lib : gpio.obj (.text:GPIOPinConfigure)
                  0000098c    00000048     rtsv7M4_T_le_v4SPD16_eabi.lib : boot.obj (.text)
                  000009d4    00000044                                   : cpy_tbl.obj (.text)
                  00000a18    00000044                                   : exit.obj (.text)
                  00000a5c    00000040     driverlib.lib : uart.obj (.text:UARTConfigSetExpClk)
                  00000a9c    00000034                   : sysctl.obj (.text:SysCtlPeripheralEnable)
                  00000ad0    0000002a                   : gpio.obj (.text:GPIODirModeSet)
                  00000afa    00000002     --HOLE-- [fill = 0]
                  00000afc    0000001c                   : uart.obj (.text:UARTDisable)
                  00000b18    00000018     rtsv7M4_T_le_v4SPD16_eabi.lib : args_main.obj (.text)
                  00000b30    00000014     driverlib.lib : uart.obj (.text:UARTEnable)
                  00000b44    00000014     rtsv7M4_T_le_v4SPD16_eabi.lib : _lock.obj (.text)
                  00000b58    00000014                                   : strlen.obj (.text)
                  00000b6c    00000012     driverlib.lib : gpio.obj (.text:GPIOPinTypeGPIOOutput)
                  00000b7e    00000012                   : gpio.obj (.text:GPIOPinTypeUART)
                  00000b90    00000012     rtsv7M4_T_le_v4SPD16_eabi.lib : copy_zero_init.obj (.text:decompress:ZI)
                  00000ba2    0000000e     driverlib.lib : uart.obj (.text:UARTCharPutNonBlocking)
                  00000bb0    0000000e     rtsv7M4_T_le_v4SPD16_eabi.lib : copy_decompress_none.obj (.text:decompress:none)
                  00000bbe    0000000c     driverlib.lib : cpu.obj (.text:CPUcpsie)
                  00000bca    0000000c                   : uart.obj (.text:UARTCharsAvail)
                  00000bd6    0000000c     tm4c123gh6pm_startup_ccs.obj (.text)
                  00000be2    0000000a     driverlib.lib : interrupt.obj (.text:IntMasterEnable)
                  00000bec    0000000a                   : uart.obj (.text:UARTCharGet)
                  00000bf6    0000000a                   : uart.obj (.text:UARTCharPut)
                  00000c00    0000000a                   : uart.obj (.text:UARTIntDisable)
                  00000c0a    0000000a                   : uart.obj (.text:UARTIntStatus)
                  00000c14    00000008                   : uart.obj (.text:UARTIntEnable)
                  00000c1c    00000006                   : sysctl.obj (.text:SysCtlDelay)
                  00000c22    00000006     rtsv7M4_T_le_v4SPD16_eabi.lib : copy_decompress_rle.obj (.text:decompress:rle24)
                  00000c28    00000004     driverlib.lib : uart.obj (.text:UARTIntClear)

.const     0    00000c2c    00000154     
                  00000c2c    00000078     driverlib.lib : gpio.obj (.const:g_pui32GPIOBaseAddrs)
                  00000ca4    00000070                   : interrupt.obj (.const)
                  00000d14    0000006c                   : sysctl.obj (.const:g_pui32Xtals)

.cinit     0    00000d80    00000038     
                  00000d80    0000000f     (.cinit..data.load) [load image, compression = rle]
                  00000d8f    00000001     --HOLE-- [fill = 0]
                  00000d90    0000000c     (__TI_handler_table)
                  00000d9c    00000004     --HOLE-- [fill = 0]
                  00000da0    00000008     (.cinit..bss.load) [load image, compression = zero_init]
                  00000da8    00000010     (__TI_cinit_table)

.bss       0    20000000    000007d0     UNINITIALIZED
                  20000000    000007d0     main.obj (.bss:data)

.stack     0    200007d0    00000064     UNINITIALIZED
                  200007d0    00000064     --HOLE--

.data      0    20000834    00000015     UNINITIALIZED
                  20000834    00000008     rtsv7M4_T_le_v4SPD16_eabi.lib : _lock.obj (.data)
                  2000083c    00000008                                   : exit.obj (.data)
                  20000844    00000004                                   : stkdepth_vars.obj (.data)
                  20000848    00000001     main.obj (.data)


LINKER GENERATED COPY TABLES

__TI_cinit_table @ 00000da8 records: 2, size/record: 8, table size: 16
	.data: load addr=00000d80, load size=0000000f bytes, run addr=20000834, run size=00000015 bytes, compression=rle
	.bss: load addr=00000da0, load size=00000008 bytes, run addr=20000000, run size=000007d0 bytes, compression=zero_init


LINKER GENERATED HANDLER TABLE

__TI_handler_table @ 00000d90 records: 3, size/record: 4, table size: 12
	index: 0, handler: __TI_decompress_rle24
	index: 1, handler: __TI_decompress_none
	index: 2, handler: __TI_zero_init


GLOBAL SYMBOLS: SORTED ALPHABETICALLY BY Name 

address    name
--------   ----
00000a19   C$$EXIT
00000bbf   CPUcpsie
00000ad1   GPIODirModeSet
00000621   GPIOPadConfigSet
00000945   GPIOPinConfigure
00000b6d   GPIOPinTypeGPIOOutput
00000b7f   GPIOPinTypeUART
00000885   IntEnable
00000be3   IntMasterEnable
00000bd7   ResetISR
UNDEFED    SHT$$INIT_ARRAY$$Base
UNDEFED    SHT$$INIT_ARRAY$$Limit
0000055d   SysCtlClockGet
00000459   SysCtlClockSet
00000c1d   SysCtlDelay
00000a9d   SysCtlPeripheralEnable
00000bed   UARTCharGet
00000bf7   UARTCharPut
00000ba3   UARTCharPutNonBlocking
00000bcb   UARTCharsAvail
00000a5d   UARTConfigSetExpClk
00000afd   UARTDisable
00000b31   UARTEnable
00000c29   UARTIntClear
00000c01   UARTIntDisable
00000c15   UARTIntEnable
00000309   UARTIntHandler
00000c0b   UARTIntStatus
20000834   __STACK_END
00000064   __STACK_SIZE
200009d0   __STACK_TOP
00000da8   __TI_CINIT_Base
00000db8   __TI_CINIT_Limit
00000d90   __TI_Handler_Table_Base
00000d9c   __TI_Handler_Table_Limit
00000001   __TI_args_main
00000775   __TI_auto_init
2000083c   __TI_cleanup_ptr
00000bb1   __TI_decompress_none
00000c23   __TI_decompress_rle24
20000840   __TI_dtors_ptr
00000000   __TI_static_base__
00000b91   __TI_zero_init
00000809   __aeabi_memclr
00000809   __aeabi_memclr4
00000809   __aeabi_memclr8
000006d9   __aeabi_memcpy
000006d9   __aeabi_memcpy4
000006d9   __aeabi_memcpy8
0000080b   __aeabi_memset
0000080b   __aeabi_memset4
0000080b   __aeabi_memset8
ffffffff   __binit__
ffffffff   __c_args__
200007d0   __stack
00000b19   _args_main
0000098d   _c_int00
20000834   _lock
00000b53   _nop
00000b4b   _register_lock
00000b45   _register_unlock
20000838   _unlock
00000a1d   abort
ffffffff   binit
000009d5   copy_in
20000000   data
00000a25   exit
20000848   fired
00000000   g_pfnVectors
0000038d   main
20000844   main_func_sp
000006d9   memcpy
00000811   memset
0000026d   output
00000b59   strlen


GLOBAL SYMBOLS: SORTED BY Symbol Address 

address    name
--------   ----
00000000   __TI_static_base__
00000000   g_pfnVectors
00000001   __TI_args_main
00000064   __STACK_SIZE
0000026d   output
00000309   UARTIntHandler
0000038d   main
00000459   SysCtlClockSet
0000055d   SysCtlClockGet
00000621   GPIOPadConfigSet
000006d9   __aeabi_memcpy
000006d9   __aeabi_memcpy4
000006d9   __aeabi_memcpy8
000006d9   memcpy
00000775   __TI_auto_init
00000809   __aeabi_memclr
00000809   __aeabi_memclr4
00000809   __aeabi_memclr8
0000080b   __aeabi_memset
0000080b   __aeabi_memset4
0000080b   __aeabi_memset8
00000811   memset
00000885   IntEnable
00000945   GPIOPinConfigure
0000098d   _c_int00
000009d5   copy_in
00000a19   C$$EXIT
00000a1d   abort
00000a25   exit
00000a5d   UARTConfigSetExpClk
00000a9d   SysCtlPeripheralEnable
00000ad1   GPIODirModeSet
00000afd   UARTDisable
00000b19   _args_main
00000b31   UARTEnable
00000b45   _register_unlock
00000b4b   _register_lock
00000b53   _nop
00000b59   strlen
00000b6d   GPIOPinTypeGPIOOutput
00000b7f   GPIOPinTypeUART
00000b91   __TI_zero_init
00000ba3   UARTCharPutNonBlocking
00000bb1   __TI_decompress_none
00000bbf   CPUcpsie
00000bcb   UARTCharsAvail
00000bd7   ResetISR
00000be3   IntMasterEnable
00000bed   UARTCharGet
00000bf7   UARTCharPut
00000c01   UARTIntDisable
00000c0b   UARTIntStatus
00000c15   UARTIntEnable
00000c1d   SysCtlDelay
00000c23   __TI_decompress_rle24
00000c29   UARTIntClear
00000d90   __TI_Handler_Table_Base
00000d9c   __TI_Handler_Table_Limit
00000da8   __TI_CINIT_Base
00000db8   __TI_CINIT_Limit
20000000   data
200007d0   __stack
20000834   __STACK_END
20000834   _lock
20000838   _unlock
2000083c   __TI_cleanup_ptr
20000840   __TI_dtors_ptr
20000844   main_func_sp
20000848   fired
200009d0   __STACK_TOP
ffffffff   __binit__
ffffffff   __c_args__
ffffffff   binit
UNDEFED    SHT$$INIT_ARRAY$$Base
UNDEFED    SHT$$INIT_ARRAY$$Limit

[75 symbols]
