******************************************************************************
                  TI ARM Linker PC v5.1.13                     
******************************************************************************
>> Linked Fri Jan 15 20:16:53 2016

OUTPUT FILE NAME:   <lab12.out>
ENTRY POINT SYMBOL: "_c_int00"  address: 0000076d


MEMORY CONFIGURATION

         name            origin    length      used     unused   attr    fill
----------------------  --------  ---------  --------  --------  ----  --------
  FLASH                 00000000   00040000  00000a88  0003f578  R  X
  SRAM                  20000000   00008000  00000078  00007f88  RW X


SEGMENT ALLOCATION MAP

run origin  load origin   length   init length attrs members
----------  ----------- ---------- ----------- ----- -------
00000000    00000000    00000a88   00000a88    r-x
  00000000    00000000    0000026c   0000026c    r-- .intvecs
  0000026c    0000026c    00000718   00000718    r-x .text
  00000984    00000984    000000e4   000000e4    r-- .const
  00000a68    00000a68    00000020   00000020    r-- .cinit
20000000    20000000    00000078   00000000    rw-
  20000000    20000000    00000064   00000000    rw- .stack
  20000064    20000064    00000014   00000000    rw- .data


SECTION ALLOCATION MAP

 output                                  attributes/
section   page    origin      length       input sections
--------  ----  ----------  ----------   ----------------
.init_array 
*          0    00000000    00000000     UNINITIALIZED

.intvecs   0    00000000    0000026c     
                  00000000    0000026c     tm4c123gh6pm_startup_ccs.obj (.intvecs)

.text      0    0000026c    00000718     
                  0000026c    00000104     driverlib.lib : sysctl.obj (.text:SysCtlClockSet)
                  00000370    000000c4                   : sysctl.obj (.text:SysCtlClockGet)
                  00000434    000000b8                   : gpio.obj (.text:GPIOPadConfigSet)
                  000004ec    000000a8     main.obj (.text)
                  00000594    0000009c     rtsv7M4_T_le_v4SPD16_eabi.lib : memcpy_t2.obj (.text)
                  00000630    00000094                                   : auto_init.obj (.text)
                  000006c4    0000005e                                   : copy_decompress_rle.obj (.text)
                  00000722    00000002     --HOLE-- [fill = 0]
                  00000724    00000048     driverlib.lib : gpio.obj (.text:GPIOPinConfigure)
                  0000076c    00000048     rtsv7M4_T_le_v4SPD16_eabi.lib : boot.obj (.text)
                  000007b4    00000044                                   : cpy_tbl.obj (.text)
                  000007f8    00000044                                   : exit.obj (.text)
                  0000083c    00000040     driverlib.lib : uart.obj (.text:UARTConfigSetExpClk)
                  0000087c    00000034                   : sysctl.obj (.text:SysCtlPeripheralEnable)
                  000008b0    0000002a                   : gpio.obj (.text:GPIODirModeSet)
                  000008da    00000002     --HOLE-- [fill = 0]
                  000008dc    0000001c                   : uart.obj (.text:UARTDisable)
                  000008f8    00000018     rtsv7M4_T_le_v4SPD16_eabi.lib : args_main.obj (.text)
                  00000910    00000014     driverlib.lib : uart.obj (.text:UARTEnable)
                  00000924    00000014     rtsv7M4_T_le_v4SPD16_eabi.lib : _lock.obj (.text)
                  00000938    00000012     driverlib.lib : gpio.obj (.text:GPIOPinTypeUART)
                  0000094a    0000000e     rtsv7M4_T_le_v4SPD16_eabi.lib : copy_decompress_none.obj (.text:decompress:none)
                  00000958    0000000c     tm4c123gh6pm_startup_ccs.obj (.text)
                  00000964    0000000a     driverlib.lib : uart.obj (.text:UARTCharGet)
                  0000096e    0000000a                   : uart.obj (.text:UARTCharPut)
                  00000978    00000006                   : sysctl.obj (.text:SysCtlDelay)
                  0000097e    00000006     rtsv7M4_T_le_v4SPD16_eabi.lib : copy_decompress_rle.obj (.text:decompress:rle24)

.const     0    00000984    000000e4     
                  00000984    00000078     driverlib.lib : gpio.obj (.const:g_pui32GPIOBaseAddrs)
                  000009fc    0000006c                   : sysctl.obj (.const:g_pui32Xtals)

.cinit     0    00000a68    00000020     
                  00000a68    0000000f     (.cinit..data.load) [load image, compression = rle]
                  00000a77    00000001     --HOLE-- [fill = 0]
                  00000a78    00000008     (__TI_handler_table)
                  00000a80    00000008     (__TI_cinit_table)

.stack     0    20000000    00000064     UNINITIALIZED
                  20000000    00000064     --HOLE--

.data      0    20000064    00000014     UNINITIALIZED
                  20000064    00000008     rtsv7M4_T_le_v4SPD16_eabi.lib : _lock.obj (.data)
                  2000006c    00000008                                   : exit.obj (.data)
                  20000074    00000004                                   : stkdepth_vars.obj (.data)


LINKER GENERATED COPY TABLES

__TI_cinit_table @ 00000a80 records: 1, size/record: 8, table size: 8
	.data: load addr=00000a68, load size=0000000f bytes, run addr=20000064, run size=00000014 bytes, compression=rle


LINKER GENERATED HANDLER TABLE

__TI_handler_table @ 00000a78 records: 2, size/record: 4, table size: 8
	index: 0, handler: __TI_decompress_rle24
	index: 1, handler: __TI_decompress_none


GLOBAL SYMBOLS: SORTED ALPHABETICALLY BY Name 

address    name
--------   ----
000007f9   C$$EXIT
000008b1   GPIODirModeSet
00000435   GPIOPadConfigSet
00000725   GPIOPinConfigure
00000939   GPIOPinTypeUART
00000959   ResetISR
UNDEFED    SHT$$INIT_ARRAY$$Base
UNDEFED    SHT$$INIT_ARRAY$$Limit
00000371   SysCtlClockGet
0000026d   SysCtlClockSet
00000979   SysCtlDelay
0000087d   SysCtlPeripheralEnable
00000965   UARTCharGet
0000096f   UARTCharPut
0000083d   UARTConfigSetExpClk
000008dd   UARTDisable
00000911   UARTEnable
20000064   __STACK_END
00000064   __STACK_SIZE
20000200   __STACK_TOP
00000a80   __TI_CINIT_Base
00000a88   __TI_CINIT_Limit
00000a78   __TI_Handler_Table_Base
00000a80   __TI_Handler_Table_Limit
00000001   __TI_args_main
00000631   __TI_auto_init
2000006c   __TI_cleanup_ptr
0000094b   __TI_decompress_none
0000097f   __TI_decompress_rle24
20000070   __TI_dtors_ptr
00000a68   __TI_static_base__
00000595   __aeabi_memcpy
00000595   __aeabi_memcpy4
00000595   __aeabi_memcpy8
ffffffff   __binit__
ffffffff   __c_args__
20000000   __stack
000008f9   _args_main
0000076d   _c_int00
20000064   _lock
00000933   _nop
0000092b   _register_lock
00000925   _register_unlock
20000068   _unlock
000007fd   abort
ffffffff   binit
000007b5   copy_in
00000805   exit
00000000   g_pfnVectors
000004ed   main
20000074   main_func_sp
00000595   memcpy


GLOBAL SYMBOLS: SORTED BY Symbol Address 

address    name
--------   ----
00000000   g_pfnVectors
00000001   __TI_args_main
00000064   __STACK_SIZE
0000026d   SysCtlClockSet
00000371   SysCtlClockGet
00000435   GPIOPadConfigSet
000004ed   main
00000595   __aeabi_memcpy
00000595   __aeabi_memcpy4
00000595   __aeabi_memcpy8
00000595   memcpy
00000631   __TI_auto_init
00000725   GPIOPinConfigure
0000076d   _c_int00
000007b5   copy_in
000007f9   C$$EXIT
000007fd   abort
00000805   exit
0000083d   UARTConfigSetExpClk
0000087d   SysCtlPeripheralEnable
000008b1   GPIODirModeSet
000008dd   UARTDisable
000008f9   _args_main
00000911   UARTEnable
00000925   _register_unlock
0000092b   _register_lock
00000933   _nop
00000939   GPIOPinTypeUART
0000094b   __TI_decompress_none
00000959   ResetISR
00000965   UARTCharGet
0000096f   UARTCharPut
00000979   SysCtlDelay
0000097f   __TI_decompress_rle24
00000a68   __TI_static_base__
00000a78   __TI_Handler_Table_Base
00000a80   __TI_CINIT_Base
00000a80   __TI_Handler_Table_Limit
00000a88   __TI_CINIT_Limit
20000000   __stack
20000064   __STACK_END
20000064   _lock
20000068   _unlock
2000006c   __TI_cleanup_ptr
20000070   __TI_dtors_ptr
20000074   main_func_sp
20000200   __STACK_TOP
ffffffff   __binit__
ffffffff   __c_args__
ffffffff   binit
UNDEFED    SHT$$INIT_ARRAY$$Base
UNDEFED    SHT$$INIT_ARRAY$$Limit

[52 symbols]
