******************************************************************************
                  TI ARM Linker PC v5.1.13                     
******************************************************************************
>> Linked Sun Jun 26 18:54:39 2016

OUTPUT FILE NAME:   <lab12.out>
ENTRY POINT SYMBOL: "_c_int00"  address: 00000971


MEMORY CONFIGURATION

         name            origin    length      used     unused   attr    fill
----------------------  --------  ---------  --------  --------  ----  --------
  FLASH                 00000000   00040000  00000d8e  0003f272  R  X
  SRAM                  20000000   00008000  00000462  00007b9e  RW X


SEGMENT ALLOCATION MAP

run origin  load origin   length   init length attrs members
----------  ----------- ---------- ----------- ----- -------
00000000    00000000    00000d90   00000d90    r-x
  00000000    00000000    0000026c   0000026c    r-- .intvecs
  0000026c    0000026c    00000996   00000996    r-x .text
  00000c04    00000c04    00000154   00000154    r-- .const
  00000d58    00000d58    00000038   00000038    r-- .cinit
20000000    20000000    00000462   00000000    rw-
  20000000    20000000    000003e8   00000000    rw- .bss
  200003e8    200003e8    00000064   00000000    rw- .stack
  2000044c    2000044c    00000016   00000000    rw- .data


SECTION ALLOCATION MAP

 output                                  attributes/
section   page    origin      length       input sections
--------  ----  ----------  ----------   ----------------
.init_array 
*          0    00000000    00000000     UNINITIALIZED

.intvecs   0    00000000    0000026c     
                  00000000    0000026c     tm4c123gh6pm_startup_ccs.obj (.intvecs)

.text      0    0000026c    00000996     
                  0000026c    000001d0     main.obj (.text)
                  0000043c    00000104     driverlib.lib : sysctl.obj (.text:SysCtlClockSet)
                  00000540    000000c4                   : sysctl.obj (.text:SysCtlClockGet)
                  00000604    000000b8                   : gpio.obj (.text:GPIOPadConfigSet)
                  000006bc    0000009c     rtsv7M4_T_le_v4SPD16_eabi.lib : memcpy_t2.obj (.text)
                  00000758    00000094                                   : auto_init.obj (.text)
                  000007ec    0000007a                                   : memset_t2.obj (.text)
                  00000866    00000002     --HOLE-- [fill = 0]
                  00000868    00000060     driverlib.lib : interrupt.obj (.text:IntEnable)
                  000008c8    0000005e     rtsv7M4_T_le_v4SPD16_eabi.lib : copy_decompress_rle.obj (.text)
                  00000926    00000002     --HOLE-- [fill = 0]
                  00000928    00000048     driverlib.lib : gpio.obj (.text:GPIOPinConfigure)
                  00000970    00000048     rtsv7M4_T_le_v4SPD16_eabi.lib : boot.obj (.text)
                  000009b8    00000044                                   : cpy_tbl.obj (.text)
                  000009fc    00000044                                   : exit.obj (.text)
                  00000a40    00000040     driverlib.lib : uart.obj (.text:UARTConfigSetExpClk)
                  00000a80    00000034                   : sysctl.obj (.text:SysCtlPeripheralEnable)
                  00000ab4    0000002a                   : gpio.obj (.text:GPIODirModeSet)
                  00000ade    00000002     --HOLE-- [fill = 0]
                  00000ae0    0000001c                   : uart.obj (.text:UARTDisable)
                  00000afc    00000018     rtsv7M4_T_le_v4SPD16_eabi.lib : args_main.obj (.text)
                  00000b14    00000014     driverlib.lib : uart.obj (.text:UARTEnable)
                  00000b28    00000014     rtsv7M4_T_le_v4SPD16_eabi.lib : _lock.obj (.text)
                  00000b3c    00000014                                   : strlen.obj (.text)
                  00000b50    00000012     driverlib.lib : gpio.obj (.text:GPIOPinTypeGPIOOutput)
                  00000b62    00000012                   : gpio.obj (.text:GPIOPinTypeUART)
                  00000b74    00000012     rtsv7M4_T_le_v4SPD16_eabi.lib : copy_zero_init.obj (.text:decompress:ZI)
                  00000b86    0000000e                                   : copy_decompress_none.obj (.text:decompress:none)
                  00000b94    0000000c     driverlib.lib : cpu.obj (.text:CPUcpsie)
                  00000ba0    0000000c                   : uart.obj (.text:UARTCharsAvail)
                  00000bac    0000000c     tm4c123gh6pm_startup_ccs.obj (.text)
                  00000bb8    0000000a     driverlib.lib : interrupt.obj (.text:IntMasterEnable)
                  00000bc2    0000000a                   : uart.obj (.text:UARTCharGet)
                  00000bcc    0000000a                   : uart.obj (.text:UARTCharPut)
                  00000bd6    0000000a                   : uart.obj (.text:UARTIntDisable)
                  00000be0    0000000a                   : uart.obj (.text:UARTIntStatus)
                  00000bea    00000008                   : uart.obj (.text:UARTIntEnable)
                  00000bf2    00000006                   : sysctl.obj (.text:SysCtlDelay)
                  00000bf8    00000006     rtsv7M4_T_le_v4SPD16_eabi.lib : copy_decompress_rle.obj (.text:decompress:rle24)
                  00000bfe    00000004     driverlib.lib : uart.obj (.text:UARTIntClear)

.const     0    00000c04    00000154     
                  00000c04    00000078     driverlib.lib : gpio.obj (.const:g_pui32GPIOBaseAddrs)
                  00000c7c    00000070                   : interrupt.obj (.const)
                  00000cec    0000006c                   : sysctl.obj (.const:g_pui32Xtals)

.cinit     0    00000d58    00000038     
                  00000d58    00000010     (.cinit..data.load) [load image, compression = rle]
                  00000d68    0000000c     (__TI_handler_table)
                  00000d74    00000004     --HOLE-- [fill = 0]
                  00000d78    00000008     (.cinit..bss.load) [load image, compression = zero_init]
                  00000d80    00000010     (__TI_cinit_table)

.bss       0    20000000    000003e8     UNINITIALIZED
                  20000000    000003e8     main.obj (.bss:data$1)

.stack     0    200003e8    00000064     UNINITIALIZED
                  200003e8    00000064     --HOLE--

.data      0    2000044c    00000016     UNINITIALIZED
                  2000044c    00000008     rtsv7M4_T_le_v4SPD16_eabi.lib : _lock.obj (.data)
                  20000454    00000008                                   : exit.obj (.data)
                  2000045c    00000004                                   : stkdepth_vars.obj (.data)
                  20000460    00000002     main.obj (.data)


LINKER GENERATED COPY TABLES

__TI_cinit_table @ 00000d80 records: 2, size/record: 8, table size: 16
	.data: load addr=00000d58, load size=00000010 bytes, run addr=2000044c, run size=00000016 bytes, compression=rle
	.bss: load addr=00000d78, load size=00000008 bytes, run addr=20000000, run size=000003e8 bytes, compression=zero_init


LINKER GENERATED HANDLER TABLE

__TI_handler_table @ 00000d68 records: 3, size/record: 4, table size: 12
	index: 0, handler: __TI_decompress_rle24
	index: 1, handler: __TI_decompress_none
	index: 2, handler: __TI_zero_init


GLOBAL SYMBOLS: SORTED ALPHABETICALLY BY Name 

address    name
--------   ----
000009fd   C$$EXIT
00000b95   CPUcpsie
00000ab5   GPIODirModeSet
00000605   GPIOPadConfigSet
00000929   GPIOPinConfigure
00000b51   GPIOPinTypeGPIOOutput
00000b63   GPIOPinTypeUART
00000869   IntEnable
00000bb9   IntMasterEnable
00000bad   ResetISR
UNDEFED    SHT$$INIT_ARRAY$$Base
UNDEFED    SHT$$INIT_ARRAY$$Limit
00000541   SysCtlClockGet
0000043d   SysCtlClockSet
00000bf3   SysCtlDelay
00000a81   SysCtlPeripheralEnable
00000bc3   UARTCharGet
00000bcd   UARTCharPut
00000ba1   UARTCharsAvail
00000a41   UARTConfigSetExpClk
00000ae1   UARTDisable
00000b15   UARTEnable
00000bff   UARTIntClear
00000bd7   UARTIntDisable
00000beb   UARTIntEnable
000002a3   UARTIntHandler
00000be1   UARTIntStatus
2000044c   __STACK_END
00000064   __STACK_SIZE
200005e8   __STACK_TOP
00000d80   __TI_CINIT_Base
00000d90   __TI_CINIT_Limit
00000d68   __TI_Handler_Table_Base
00000d74   __TI_Handler_Table_Limit
00000001   __TI_args_main
00000759   __TI_auto_init
20000454   __TI_cleanup_ptr
00000b87   __TI_decompress_none
00000bf9   __TI_decompress_rle24
20000458   __TI_dtors_ptr
00000000   __TI_static_base__
00000b75   __TI_zero_init
000007ed   __aeabi_memclr
000007ed   __aeabi_memclr4
000007ed   __aeabi_memclr8
000006bd   __aeabi_memcpy
000006bd   __aeabi_memcpy4
000006bd   __aeabi_memcpy8
000007ef   __aeabi_memset
000007ef   __aeabi_memset4
000007ef   __aeabi_memset8
ffffffff   __binit__
ffffffff   __c_args__
200003e8   __stack
00000afd   _args_main
00000971   _c_int00
2000044c   _lock
00000b37   _nop
00000b2f   _register_lock
00000b29   _register_unlock
20000450   _unlock
00000a01   abort
ffffffff   binit
000009b9   copy_in
00000a09   exit
00000000   g_pfnVectors
0000036f   main
2000045c   main_func_sp
000006bd   memcpy
000007f5   memset
0000026d   output
00000b3d   strlen


GLOBAL SYMBOLS: SORTED BY Symbol Address 

address    name
--------   ----
00000000   __TI_static_base__
00000000   g_pfnVectors
00000001   __TI_args_main
00000064   __STACK_SIZE
0000026d   output
000002a3   UARTIntHandler
0000036f   main
0000043d   SysCtlClockSet
00000541   SysCtlClockGet
00000605   GPIOPadConfigSet
000006bd   __aeabi_memcpy
000006bd   __aeabi_memcpy4
000006bd   __aeabi_memcpy8
000006bd   memcpy
00000759   __TI_auto_init
000007ed   __aeabi_memclr
000007ed   __aeabi_memclr4
000007ed   __aeabi_memclr8
000007ef   __aeabi_memset
000007ef   __aeabi_memset4
000007ef   __aeabi_memset8
000007f5   memset
00000869   IntEnable
00000929   GPIOPinConfigure
00000971   _c_int00
000009b9   copy_in
000009fd   C$$EXIT
00000a01   abort
00000a09   exit
00000a41   UARTConfigSetExpClk
00000a81   SysCtlPeripheralEnable
00000ab5   GPIODirModeSet
00000ae1   UARTDisable
00000afd   _args_main
00000b15   UARTEnable
00000b29   _register_unlock
00000b2f   _register_lock
00000b37   _nop
00000b3d   strlen
00000b51   GPIOPinTypeGPIOOutput
00000b63   GPIOPinTypeUART
00000b75   __TI_zero_init
00000b87   __TI_decompress_none
00000b95   CPUcpsie
00000ba1   UARTCharsAvail
00000bad   ResetISR
00000bb9   IntMasterEnable
00000bc3   UARTCharGet
00000bcd   UARTCharPut
00000bd7   UARTIntDisable
00000be1   UARTIntStatus
00000beb   UARTIntEnable
00000bf3   SysCtlDelay
00000bf9   __TI_decompress_rle24
00000bff   UARTIntClear
00000d68   __TI_Handler_Table_Base
00000d74   __TI_Handler_Table_Limit
00000d80   __TI_CINIT_Base
00000d90   __TI_CINIT_Limit
200003e8   __stack
2000044c   __STACK_END
2000044c   _lock
20000450   _unlock
20000454   __TI_cleanup_ptr
20000458   __TI_dtors_ptr
2000045c   main_func_sp
200005e8   __STACK_TOP
ffffffff   __binit__
ffffffff   __c_args__
ffffffff   binit
UNDEFED    SHT$$INIT_ARRAY$$Base
UNDEFED    SHT$$INIT_ARRAY$$Limit

[72 symbols]
