******************************************************************************
                  TI ARM Linker PC v5.1.13                     
******************************************************************************
>> Linked Thu Aug 18 00:18:09 2016

OUTPUT FILE NAME:   <lab12.out>
ENTRY POINT SYMBOL: "_c_int00"  address: 00000a05


MEMORY CONFIGURATION

         name            origin    length      used     unused   attr    fill
----------------------  --------  ---------  --------  --------  ----  --------
  FLASH                 00000000   00040000  00000e22  0003f1de  R  X
  SRAM                  20000000   00008000  0000058f  00007a71  RW X


SEGMENT ALLOCATION MAP

run origin  load origin   length   init length attrs members
----------  ----------- ---------- ----------- ----- -------
00000000    00000000    00000e28   00000e28    r-x
  00000000    00000000    0000026c   0000026c    r-- .intvecs
  0000026c    0000026c    00000a2a   00000a2a    r-x .text
  00000c98    00000c98    00000154   00000154    r-- .const
  00000df0    00000df0    00000038   00000038    r-- .cinit
20000000    20000000    00000592   00000000    rw-
  20000000    20000000    000003e9   00000000    rw- .bss
  200003ec    200003ec    00000190   00000000    rw- .stack
  2000057c    2000057c    00000016   00000000    rw- .data


SECTION ALLOCATION MAP

 output                                  attributes/
section   page    origin      length       input sections
--------  ----  ----------  ----------   ----------------
.init_array 
*          0    00000000    00000000     UNINITIALIZED

.intvecs   0    00000000    0000026c     
                  00000000    0000026c     tm4c123gh6pm_startup_ccs.obj (.intvecs)

.text      0    0000026c    00000a2a     
                  0000026c    00000188     main.obj (.text)
                  000003f4    00000104     driverlib.lib : sysctl.obj (.text:SysCtlClockSet)
                  000004f8    000000c4                   : sysctl.obj (.text:SysCtlClockGet)
                  000005bc    000000b8                   : gpio.obj (.text:GPIOPadConfigSet)
                  00000674    0000009c     rtsv7M4_T_le_v4SPD16_eabi.lib : memcpy_t2.obj (.text)
                  00000710    00000094                                   : auto_init.obj (.text)
                  000007a4    0000007c     richGPS.obj (.text)
                  00000820    0000007a     rtsv7M4_T_le_v4SPD16_eabi.lib : memset_t2.obj (.text)
                  0000089a    00000002     --HOLE-- [fill = 0]
                  0000089c    00000060     driverlib.lib : interrupt.obj (.text:IntDisable)
                  000008fc    00000060                   : interrupt.obj (.text:IntEnable)
                  0000095c    0000005e     rtsv7M4_T_le_v4SPD16_eabi.lib : copy_decompress_rle.obj (.text)
                  000009ba    00000002     --HOLE-- [fill = 0]
                  000009bc    00000048     driverlib.lib : gpio.obj (.text:GPIOPinConfigure)
                  00000a04    00000048     rtsv7M4_T_le_v4SPD16_eabi.lib : boot.obj (.text)
                  00000a4c    00000044                                   : cpy_tbl.obj (.text)
                  00000a90    00000044                                   : exit.obj (.text)
                  00000ad4    00000040     driverlib.lib : uart.obj (.text:UARTConfigSetExpClk)
                  00000b14    00000034                   : sysctl.obj (.text:SysCtlPeripheralEnable)
                  00000b48    0000002a                   : gpio.obj (.text:GPIODirModeSet)
                  00000b72    00000002     --HOLE-- [fill = 0]
                  00000b74    0000001c                   : uart.obj (.text:UARTDisable)
                  00000b90    00000018     rtsv7M4_T_le_v4SPD16_eabi.lib : args_main.obj (.text)
                  00000ba8    00000014     driverlib.lib : uart.obj (.text:UARTEnable)
                  00000bbc    00000014     rtsv7M4_T_le_v4SPD16_eabi.lib : _lock.obj (.text)
                  00000bd0    00000014                                   : strlen.obj (.text)
                  00000be4    00000012     driverlib.lib : gpio.obj (.text:GPIOPinTypeGPIOOutput)
                  00000bf6    00000012                   : gpio.obj (.text:GPIOPinTypeUART)
                  00000c08    00000012     rtsv7M4_T_le_v4SPD16_eabi.lib : copy_zero_init.obj (.text:decompress:ZI)
                  00000c1a    0000000e                                   : copy_decompress_none.obj (.text:decompress:none)
                  00000c28    0000000c     driverlib.lib : cpu.obj (.text:CPUcpsie)
                  00000c34    0000000c                   : uart.obj (.text:UARTCharsAvail)
                  00000c40    0000000c     tm4c123gh6pm_startup_ccs.obj (.text)
                  00000c4c    0000000a     driverlib.lib : interrupt.obj (.text:IntMasterEnable)
                  00000c56    0000000a                   : uart.obj (.text:UARTCharGet)
                  00000c60    0000000a                   : uart.obj (.text:UARTCharPut)
                  00000c6a    0000000a                   : uart.obj (.text:UARTIntDisable)
                  00000c74    0000000a                   : uart.obj (.text:UARTIntStatus)
                  00000c7e    00000008                   : uart.obj (.text:UARTIntEnable)
                  00000c86    00000006                   : sysctl.obj (.text:SysCtlDelay)
                  00000c8c    00000006     rtsv7M4_T_le_v4SPD16_eabi.lib : copy_decompress_rle.obj (.text:decompress:rle24)
                  00000c92    00000004     driverlib.lib : uart.obj (.text:UARTIntClear)

.const     0    00000c98    00000154     
                  00000c98    00000078     driverlib.lib : gpio.obj (.const:g_pui32GPIOBaseAddrs)
                  00000d10    00000070                   : interrupt.obj (.const)
                  00000d80    0000006c                   : sysctl.obj (.const:g_pui32Xtals)

.cinit     0    00000df0    00000038     
                  00000df0    00000010     (.cinit..data.load) [load image, compression = rle]
                  00000e00    0000000c     (__TI_handler_table)
                  00000e0c    00000004     --HOLE-- [fill = 0]
                  00000e10    00000008     (.cinit..bss.load) [load image, compression = zero_init]
                  00000e18    00000010     (__TI_cinit_table)

.bss       0    20000000    000003e9     UNINITIALIZED
                  20000000    000003e8     main.obj (.bss:data$1)
                  200003e8    00000001     (.common:gps)

.stack     0    200003ec    00000190     UNINITIALIZED
                  200003ec    00000190     --HOLE--

.data      0    2000057c    00000016     UNINITIALIZED
                  2000057c    00000008     rtsv7M4_T_le_v4SPD16_eabi.lib : _lock.obj (.data)
                  20000584    00000008                                   : exit.obj (.data)
                  2000058c    00000004                                   : stkdepth_vars.obj (.data)
                  20000590    00000002     main.obj (.data)


LINKER GENERATED COPY TABLES

__TI_cinit_table @ 00000e18 records: 2, size/record: 8, table size: 16
	.data: load addr=00000df0, load size=00000010 bytes, run addr=2000057c, run size=00000016 bytes, compression=rle
	.bss: load addr=00000e10, load size=00000008 bytes, run addr=20000000, run size=000003e9 bytes, compression=zero_init


LINKER GENERATED HANDLER TABLE

__TI_handler_table @ 00000e00 records: 3, size/record: 4, table size: 12
	index: 0, handler: __TI_decompress_rle24
	index: 1, handler: __TI_decompress_none
	index: 2, handler: __TI_zero_init


GLOBAL SYMBOLS: SORTED ALPHABETICALLY BY Name 

address    name
--------   ----
00000a91   C$$EXIT
00000c29   CPUcpsie
00000b49   GPIODirModeSet
000005bd   GPIOPadConfigSet
000009bd   GPIOPinConfigure
00000be5   GPIOPinTypeGPIOOutput
00000bf7   GPIOPinTypeUART
0000089d   IntDisable
000008fd   IntEnable
00000c4d   IntMasterEnable
UNDEFED    SHT$$INIT_ARRAY$$Base
UNDEFED    SHT$$INIT_ARRAY$$Limit
000004f9   SysCtlClockGet
000003f5   SysCtlClockSet
00000c87   SysCtlDelay
00000b15   SysCtlPeripheralEnable
00000c57   UARTCharGet
00000c61   UARTCharPut
00000c35   UARTCharsAvail
00000ad5   UARTConfigSetExpClk
00000b75   UARTDisable
00000ba9   UARTEnable
00000c93   UARTIntClear
00000c6b   UARTIntDisable
00000c7f   UARTIntEnable
00000c75   UARTIntStatus
000002a3   _Z14UARTIntHandlerv
0000026d   _Z6outputPc
00000c41   _Z8ResetISRv
000007dd   _ZN3GPS15InterruptEnableEv
000007f5   _ZN3GPS16InterruptDisableEv
000007a5   _ZN3GPS4InitEv
2000057c   __STACK_END
00000190   __STACK_SIZE
200005ec   __STACK_TOP
00000e18   __TI_CINIT_Base
00000e28   __TI_CINIT_Limit
00000e00   __TI_Handler_Table_Base
00000e0c   __TI_Handler_Table_Limit
00000001   __TI_args_main
00000711   __TI_auto_init
20000584   __TI_cleanup_ptr
00000c1b   __TI_decompress_none
00000c8d   __TI_decompress_rle24
20000588   __TI_dtors_ptr
00000000   __TI_static_base__
00000c09   __TI_zero_init
00000821   __aeabi_memclr
00000821   __aeabi_memclr4
00000821   __aeabi_memclr8
00000675   __aeabi_memcpy
00000675   __aeabi_memcpy4
00000675   __aeabi_memcpy8
00000823   __aeabi_memset
00000823   __aeabi_memset4
00000823   __aeabi_memset8
ffffffff   __binit__
ffffffff   __c_args__
200003ec   __stack
00000b91   _args_main
00000a05   _c_int00
2000057c   _lock
00000bcb   _nop
00000bc3   _register_lock
00000bbd   _register_unlock
20000580   _unlock
00000a95   abort
ffffffff   binit
00000a4d   copy_in
00000a9d   exit
00000000   g_pfnVectors
200003e8   gps
0000036f   main
2000058c   main_func_sp
00000675   memcpy
00000829   memset
00000bd1   strlen


GLOBAL SYMBOLS: SORTED BY Symbol Address 

address    name
--------   ----
00000000   __TI_static_base__
00000000   g_pfnVectors
00000001   __TI_args_main
00000190   __STACK_SIZE
0000026d   _Z6outputPc
000002a3   _Z14UARTIntHandlerv
0000036f   main
000003f5   SysCtlClockSet
000004f9   SysCtlClockGet
000005bd   GPIOPadConfigSet
00000675   __aeabi_memcpy
00000675   __aeabi_memcpy4
00000675   __aeabi_memcpy8
00000675   memcpy
00000711   __TI_auto_init
000007a5   _ZN3GPS4InitEv
000007dd   _ZN3GPS15InterruptEnableEv
000007f5   _ZN3GPS16InterruptDisableEv
00000821   __aeabi_memclr
00000821   __aeabi_memclr4
00000821   __aeabi_memclr8
00000823   __aeabi_memset
00000823   __aeabi_memset4
00000823   __aeabi_memset8
00000829   memset
0000089d   IntDisable
000008fd   IntEnable
000009bd   GPIOPinConfigure
00000a05   _c_int00
00000a4d   copy_in
00000a91   C$$EXIT
00000a95   abort
00000a9d   exit
00000ad5   UARTConfigSetExpClk
00000b15   SysCtlPeripheralEnable
00000b49   GPIODirModeSet
00000b75   UARTDisable
00000b91   _args_main
00000ba9   UARTEnable
00000bbd   _register_unlock
00000bc3   _register_lock
00000bcb   _nop
00000bd1   strlen
00000be5   GPIOPinTypeGPIOOutput
00000bf7   GPIOPinTypeUART
00000c09   __TI_zero_init
00000c1b   __TI_decompress_none
00000c29   CPUcpsie
00000c35   UARTCharsAvail
00000c41   _Z8ResetISRv
00000c4d   IntMasterEnable
00000c57   UARTCharGet
00000c61   UARTCharPut
00000c6b   UARTIntDisable
00000c75   UARTIntStatus
00000c7f   UARTIntEnable
00000c87   SysCtlDelay
00000c8d   __TI_decompress_rle24
00000c93   UARTIntClear
00000e00   __TI_Handler_Table_Base
00000e0c   __TI_Handler_Table_Limit
00000e18   __TI_CINIT_Base
00000e28   __TI_CINIT_Limit
200003e8   gps
200003ec   __stack
2000057c   __STACK_END
2000057c   _lock
20000580   _unlock
20000584   __TI_cleanup_ptr
20000588   __TI_dtors_ptr
2000058c   main_func_sp
200005ec   __STACK_TOP
ffffffff   __binit__
ffffffff   __c_args__
ffffffff   binit
UNDEFED    SHT$$INIT_ARRAY$$Base
UNDEFED    SHT$$INIT_ARRAY$$Limit

[77 symbols]
