******************************************************************************
                  TI ARM Linker PC v5.1.13                     
******************************************************************************
>> Linked Sun Jun 26 15:24:17 2016

OUTPUT FILE NAME:   <lab12.out>
ENTRY POINT SYMBOL: "_c_int00"  address: 00000941


MEMORY CONFIGURATION

         name            origin    length      used     unused   attr    fill
----------------------  --------  ---------  --------  --------  ----  --------
  FLASH                 00000000   00040000  00000d5e  0003f2a2  R  X
  SRAM                  20000000   00008000  00000461  00007b9f  RW X


SEGMENT ALLOCATION MAP

run origin  load origin   length   init length attrs members
----------  ----------- ---------- ----------- ----- -------
00000000    00000000    00000d60   00000d60    r-x
  00000000    00000000    0000026c   0000026c    r-- .intvecs
  0000026c    0000026c    00000966   00000966    r-x .text
  00000bd4    00000bd4    00000154   00000154    r-- .const
  00000d28    00000d28    00000038   00000038    r-- .cinit
20000000    20000000    00000461   00000000    rw-
  20000000    20000000    000003e8   00000000    rw- .bss
  200003e8    200003e8    00000064   00000000    rw- .stack
  2000044c    2000044c    00000015   00000000    rw- .data


SECTION ALLOCATION MAP

 output                                  attributes/
section   page    origin      length       input sections
--------  ----  ----------  ----------   ----------------
.init_array 
*          0    00000000    00000000     UNINITIALIZED

.intvecs   0    00000000    0000026c     
                  00000000    0000026c     tm4c123gh6pm_startup_ccs.obj (.intvecs)

.text      0    0000026c    00000966     
                  0000026c    000001a0     main.obj (.text)
                  0000040c    00000104     driverlib.lib : sysctl.obj (.text:SysCtlClockSet)
                  00000510    000000c4                   : sysctl.obj (.text:SysCtlClockGet)
                  000005d4    000000b8                   : gpio.obj (.text:GPIOPadConfigSet)
                  0000068c    0000009c     rtsv7M4_T_le_v4SPD16_eabi.lib : memcpy_t2.obj (.text)
                  00000728    00000094                                   : auto_init.obj (.text)
                  000007bc    0000007a                                   : memset_t2.obj (.text)
                  00000836    00000002     --HOLE-- [fill = 0]
                  00000838    00000060     driverlib.lib : interrupt.obj (.text:IntEnable)
                  00000898    0000005e     rtsv7M4_T_le_v4SPD16_eabi.lib : copy_decompress_rle.obj (.text)
                  000008f6    00000002     --HOLE-- [fill = 0]
                  000008f8    00000048     driverlib.lib : gpio.obj (.text:GPIOPinConfigure)
                  00000940    00000048     rtsv7M4_T_le_v4SPD16_eabi.lib : boot.obj (.text)
                  00000988    00000044                                   : cpy_tbl.obj (.text)
                  000009cc    00000044                                   : exit.obj (.text)
                  00000a10    00000040     driverlib.lib : uart.obj (.text:UARTConfigSetExpClk)
                  00000a50    00000034                   : sysctl.obj (.text:SysCtlPeripheralEnable)
                  00000a84    0000002a                   : gpio.obj (.text:GPIODirModeSet)
                  00000aae    00000002     --HOLE-- [fill = 0]
                  00000ab0    0000001c                   : uart.obj (.text:UARTDisable)
                  00000acc    00000018     rtsv7M4_T_le_v4SPD16_eabi.lib : args_main.obj (.text)
                  00000ae4    00000014     driverlib.lib : uart.obj (.text:UARTEnable)
                  00000af8    00000014     rtsv7M4_T_le_v4SPD16_eabi.lib : _lock.obj (.text)
                  00000b0c    00000014                                   : strlen.obj (.text)
                  00000b20    00000012     driverlib.lib : gpio.obj (.text:GPIOPinTypeGPIOOutput)
                  00000b32    00000012                   : gpio.obj (.text:GPIOPinTypeUART)
                  00000b44    00000012     rtsv7M4_T_le_v4SPD16_eabi.lib : copy_zero_init.obj (.text:decompress:ZI)
                  00000b56    0000000e                                   : copy_decompress_none.obj (.text:decompress:none)
                  00000b64    0000000c     driverlib.lib : cpu.obj (.text:CPUcpsie)
                  00000b70    0000000c                   : uart.obj (.text:UARTCharsAvail)
                  00000b7c    0000000c     tm4c123gh6pm_startup_ccs.obj (.text)
                  00000b88    0000000a     driverlib.lib : interrupt.obj (.text:IntMasterEnable)
                  00000b92    0000000a                   : uart.obj (.text:UARTCharGet)
                  00000b9c    0000000a                   : uart.obj (.text:UARTCharPut)
                  00000ba6    0000000a                   : uart.obj (.text:UARTIntDisable)
                  00000bb0    0000000a                   : uart.obj (.text:UARTIntStatus)
                  00000bba    00000008                   : uart.obj (.text:UARTIntEnable)
                  00000bc2    00000006                   : sysctl.obj (.text:SysCtlDelay)
                  00000bc8    00000006     rtsv7M4_T_le_v4SPD16_eabi.lib : copy_decompress_rle.obj (.text:decompress:rle24)
                  00000bce    00000004     driverlib.lib : uart.obj (.text:UARTIntClear)

.const     0    00000bd4    00000154     
                  00000bd4    00000078     driverlib.lib : gpio.obj (.const:g_pui32GPIOBaseAddrs)
                  00000c4c    00000070                   : interrupt.obj (.const)
                  00000cbc    0000006c                   : sysctl.obj (.const:g_pui32Xtals)

.cinit     0    00000d28    00000038     
                  00000d28    0000000f     (.cinit..data.load) [load image, compression = rle]
                  00000d37    00000001     --HOLE-- [fill = 0]
                  00000d38    0000000c     (__TI_handler_table)
                  00000d44    00000004     --HOLE-- [fill = 0]
                  00000d48    00000008     (.cinit..bss.load) [load image, compression = zero_init]
                  00000d50    00000010     (__TI_cinit_table)

.bss       0    20000000    000003e8     UNINITIALIZED
                  20000000    000003e8     main.obj (.bss:data$1)

.stack     0    200003e8    00000064     UNINITIALIZED
                  200003e8    00000064     --HOLE--

.data      0    2000044c    00000015     UNINITIALIZED
                  2000044c    00000008     rtsv7M4_T_le_v4SPD16_eabi.lib : _lock.obj (.data)
                  20000454    00000008                                   : exit.obj (.data)
                  2000045c    00000004                                   : stkdepth_vars.obj (.data)
                  20000460    00000001     main.obj (.data)


LINKER GENERATED COPY TABLES

__TI_cinit_table @ 00000d50 records: 2, size/record: 8, table size: 16
	.data: load addr=00000d28, load size=0000000f bytes, run addr=2000044c, run size=00000015 bytes, compression=rle
	.bss: load addr=00000d48, load size=00000008 bytes, run addr=20000000, run size=000003e8 bytes, compression=zero_init


LINKER GENERATED HANDLER TABLE

__TI_handler_table @ 00000d38 records: 3, size/record: 4, table size: 12
	index: 0, handler: __TI_decompress_rle24
	index: 1, handler: __TI_decompress_none
	index: 2, handler: __TI_zero_init


GLOBAL SYMBOLS: SORTED ALPHABETICALLY BY Name 

address    name
--------   ----
000009cd   C$$EXIT
00000b65   CPUcpsie
00000a85   GPIODirModeSet
000005d5   GPIOPadConfigSet
000008f9   GPIOPinConfigure
00000b21   GPIOPinTypeGPIOOutput
00000b33   GPIOPinTypeUART
00000839   IntEnable
00000b89   IntMasterEnable
00000b7d   ResetISR
UNDEFED    SHT$$INIT_ARRAY$$Base
UNDEFED    SHT$$INIT_ARRAY$$Limit
00000511   SysCtlClockGet
0000040d   SysCtlClockSet
00000bc3   SysCtlDelay
00000a51   SysCtlPeripheralEnable
00000b93   UARTCharGet
00000b9d   UARTCharPut
00000b71   UARTCharsAvail
00000a11   UARTConfigSetExpClk
00000ab1   UARTDisable
00000ae5   UARTEnable
00000bcf   UARTIntClear
00000ba7   UARTIntDisable
00000bbb   UARTIntEnable
000002a3   UARTIntHandler
00000bb1   UARTIntStatus
2000044c   __STACK_END
00000064   __STACK_SIZE
200005e8   __STACK_TOP
00000d50   __TI_CINIT_Base
00000d60   __TI_CINIT_Limit
00000d38   __TI_Handler_Table_Base
00000d44   __TI_Handler_Table_Limit
00000001   __TI_args_main
00000729   __TI_auto_init
20000454   __TI_cleanup_ptr
00000b57   __TI_decompress_none
00000bc9   __TI_decompress_rle24
20000458   __TI_dtors_ptr
00000000   __TI_static_base__
00000b45   __TI_zero_init
000007bd   __aeabi_memclr
000007bd   __aeabi_memclr4
000007bd   __aeabi_memclr8
0000068d   __aeabi_memcpy
0000068d   __aeabi_memcpy4
0000068d   __aeabi_memcpy8
000007bf   __aeabi_memset
000007bf   __aeabi_memset4
000007bf   __aeabi_memset8
ffffffff   __binit__
ffffffff   __c_args__
200003e8   __stack
00000acd   _args_main
00000941   _c_int00
2000044c   _lock
00000b07   _nop
00000aff   _register_lock
00000af9   _register_unlock
20000450   _unlock
000009d1   abort
ffffffff   binit
00000989   copy_in
000009d9   exit
00000000   g_pfnVectors
00000343   main
2000045c   main_func_sp
0000068d   memcpy
000007c5   memset
0000026d   output
00000b0d   strlen


GLOBAL SYMBOLS: SORTED BY Symbol Address 

address    name
--------   ----
00000000   __TI_static_base__
00000000   g_pfnVectors
00000001   __TI_args_main
00000064   __STACK_SIZE
0000026d   output
000002a3   UARTIntHandler
00000343   main
0000040d   SysCtlClockSet
00000511   SysCtlClockGet
000005d5   GPIOPadConfigSet
0000068d   __aeabi_memcpy
0000068d   __aeabi_memcpy4
0000068d   __aeabi_memcpy8
0000068d   memcpy
00000729   __TI_auto_init
000007bd   __aeabi_memclr
000007bd   __aeabi_memclr4
000007bd   __aeabi_memclr8
000007bf   __aeabi_memset
000007bf   __aeabi_memset4
000007bf   __aeabi_memset8
000007c5   memset
00000839   IntEnable
000008f9   GPIOPinConfigure
00000941   _c_int00
00000989   copy_in
000009cd   C$$EXIT
000009d1   abort
000009d9   exit
00000a11   UARTConfigSetExpClk
00000a51   SysCtlPeripheralEnable
00000a85   GPIODirModeSet
00000ab1   UARTDisable
00000acd   _args_main
00000ae5   UARTEnable
00000af9   _register_unlock
00000aff   _register_lock
00000b07   _nop
00000b0d   strlen
00000b21   GPIOPinTypeGPIOOutput
00000b33   GPIOPinTypeUART
00000b45   __TI_zero_init
00000b57   __TI_decompress_none
00000b65   CPUcpsie
00000b71   UARTCharsAvail
00000b7d   ResetISR
00000b89   IntMasterEnable
00000b93   UARTCharGet
00000b9d   UARTCharPut
00000ba7   UARTIntDisable
00000bb1   UARTIntStatus
00000bbb   UARTIntEnable
00000bc3   SysCtlDelay
00000bc9   __TI_decompress_rle24
00000bcf   UARTIntClear
00000d38   __TI_Handler_Table_Base
00000d44   __TI_Handler_Table_Limit
00000d50   __TI_CINIT_Base
00000d60   __TI_CINIT_Limit
200003e8   __stack
2000044c   __STACK_END
2000044c   _lock
20000450   _unlock
20000454   __TI_cleanup_ptr
20000458   __TI_dtors_ptr
2000045c   main_func_sp
200005e8   __STACK_TOP
ffffffff   __binit__
ffffffff   __c_args__
ffffffff   binit
UNDEFED    SHT$$INIT_ARRAY$$Base
UNDEFED    SHT$$INIT_ARRAY$$Limit

[72 symbols]
