******************************************************************************
                  TI ARM Linker PC v5.1.13                     
******************************************************************************
>> Linked Fri Jan 15 21:21:11 2016

OUTPUT FILE NAME:   <lab12.out>
ENTRY POINT SYMBOL: "_c_int00"  address: 00000829


MEMORY CONFIGURATION

         name            origin    length      used     unused   attr    fill
----------------------  --------  ---------  --------  --------  ----  --------
  FLASH                 00000000   00040000  00000b65  0003f49b  R  X
  SRAM                  20000000   00008000  00000078  00007f88  RW X


SEGMENT ALLOCATION MAP

run origin  load origin   length   init length attrs members
----------  ----------- ---------- ----------- ----- -------
00000000    00000000    00000b68   00000b68    r-x
  00000000    00000000    0000026c   0000026c    r-- .intvecs
  0000026c    0000026c    000007d8   000007d8    r-x .text
  00000a44    00000a44    00000101   00000101    r-- .const
  00000b48    00000b48    00000020   00000020    r-- .cinit
20000000    20000000    00000078   00000000    rw-
  20000000    20000000    00000064   00000000    rw- .stack
  20000064    20000064    00000014   00000000    rw- .data


SECTION ALLOCATION MAP

 output                                  attributes/
section   page    origin      length       input sections
--------  ----  ----------  ----------   ----------------
.init_array 
*          0    00000000    00000000     UNINITIALIZED

.intvecs   0    00000000    0000026c     
                  00000000    0000026c     tm4c123gh6pm_startup_ccs.obj (.intvecs)

.text      0    0000026c    000007d8     
                  0000026c    00000130     driverlib.lib : gpio.obj (.text:GPIOPadConfigSet)
                  0000039c    0000010c                   : sysctl.obj (.text:SysCtlClockGet)
                  000004a8    000000f0                   : sysctl.obj (.text:SysCtlClockSet)
                  00000598    000000b8     main.obj (.text)
                  00000650    0000009c     rtsv7M4_T_le_v4SPD16_eabi.lib : memcpy_t2.obj (.text)
                  000006ec    00000094                                   : auto_init.obj (.text)
                  00000780    0000005e                                   : copy_decompress_rle.obj (.text)
                  000007de    00000002     --HOLE-- [fill = 0]
                  000007e0    00000048     driverlib.lib : gpio.obj (.text:GPIOPinConfigure)
                  00000828    00000048     rtsv7M4_T_le_v4SPD16_eabi.lib : boot.obj (.text)
                  00000870    00000044                                   : cpy_tbl.obj (.text)
                  000008b4    00000044                                   : exit.obj (.text)
                  000008f8    00000042     driverlib.lib : uart.obj (.text:UARTConfigSetExpClk)
                  0000093a    00000002     --HOLE-- [fill = 0]
                  0000093c    00000034                   : sysctl.obj (.text:SysCtlPeripheralEnable)
                  00000970    0000002a                   : gpio.obj (.text:GPIODirModeSet)
                  0000099a    00000002     --HOLE-- [fill = 0]
                  0000099c    0000001c                   : uart.obj (.text:UARTDisable)
                  000009b8    00000018     rtsv7M4_T_le_v4SPD16_eabi.lib : args_main.obj (.text)
                  000009d0    00000014     driverlib.lib : uart.obj (.text:UARTEnable)
                  000009e4    00000014     rtsv7M4_T_le_v4SPD16_eabi.lib : _lock.obj (.text)
                  000009f8    00000012     driverlib.lib : gpio.obj (.text:GPIOPinTypeUART)
                  00000a0a    0000000e     rtsv7M4_T_le_v4SPD16_eabi.lib : copy_decompress_none.obj (.text:decompress:none)
                  00000a18    0000000c     tm4c123gh6pm_startup_ccs.obj (.text)
                  00000a24    0000000a     driverlib.lib : uart.obj (.text:UARTCharGet)
                  00000a2e    0000000a                   : uart.obj (.text:UARTCharPut)
                  00000a38    00000006                   : sysctl.obj (.text:SysCtlDelay)
                  00000a3e    00000006     rtsv7M4_T_le_v4SPD16_eabi.lib : copy_decompress_rle.obj (.text:decompress:rle24)

.const     0    00000a44    00000101     
                  00000a44    00000090     driverlib.lib : gpio.obj (.const:g_pui32GPIOBaseAddrs)
                  00000ad4    0000006c                   : sysctl.obj (.const:g_pui32Xtals)
                  00000b40    00000005     main.obj (.const:.string)

.cinit     0    00000b48    00000020     
                  00000b48    0000000f     (.cinit..data.load) [load image, compression = rle]
                  00000b57    00000001     --HOLE-- [fill = 0]
                  00000b58    00000008     (__TI_handler_table)
                  00000b60    00000008     (__TI_cinit_table)

.stack     0    20000000    00000064     UNINITIALIZED
                  20000000    00000064     --HOLE--

.data      0    20000064    00000014     UNINITIALIZED
                  20000064    00000008     rtsv7M4_T_le_v4SPD16_eabi.lib : _lock.obj (.data)
                  2000006c    00000008                                   : exit.obj (.data)
                  20000074    00000004                                   : stkdepth_vars.obj (.data)


LINKER GENERATED COPY TABLES

__TI_cinit_table @ 00000b60 records: 1, size/record: 8, table size: 8
	.data: load addr=00000b48, load size=0000000f bytes, run addr=20000064, run size=00000014 bytes, compression=rle


LINKER GENERATED HANDLER TABLE

__TI_handler_table @ 00000b58 records: 2, size/record: 4, table size: 8
	index: 0, handler: __TI_decompress_rle24
	index: 1, handler: __TI_decompress_none


GLOBAL SYMBOLS: SORTED ALPHABETICALLY BY Name 

address    name
--------   ----
000008b5   C$$EXIT
00000971   GPIODirModeSet
0000026d   GPIOPadConfigSet
000007e1   GPIOPinConfigure
000009f9   GPIOPinTypeUART
00000a19   ResetISR
UNDEFED    SHT$$INIT_ARRAY$$Base
UNDEFED    SHT$$INIT_ARRAY$$Limit
0000039d   SysCtlClockGet
000004a9   SysCtlClockSet
00000a39   SysCtlDelay
0000093d   SysCtlPeripheralEnable
00000a25   UARTCharGet
00000a2f   UARTCharPut
000008f9   UARTConfigSetExpClk
0000099d   UARTDisable
000009d1   UARTEnable
20000064   __STACK_END
00000064   __STACK_SIZE
20000200   __STACK_TOP
00000b60   __TI_CINIT_Base
00000b68   __TI_CINIT_Limit
00000b58   __TI_Handler_Table_Base
00000b60   __TI_Handler_Table_Limit
00000001   __TI_args_main
000006ed   __TI_auto_init
2000006c   __TI_cleanup_ptr
00000a0b   __TI_decompress_none
00000a3f   __TI_decompress_rle24
20000070   __TI_dtors_ptr
00000b48   __TI_static_base__
00000651   __aeabi_memcpy
00000651   __aeabi_memcpy4
00000651   __aeabi_memcpy8
ffffffff   __binit__
ffffffff   __c_args__
20000000   __stack
000009b9   _args_main
00000829   _c_int00
20000064   _lock
000009f3   _nop
000009eb   _register_lock
000009e5   _register_unlock
20000068   _unlock
000008b9   abort
ffffffff   binit
00000871   copy_in
000008c1   exit
00000000   g_pfnVectors
00000599   main
20000074   main_func_sp
00000651   memcpy


GLOBAL SYMBOLS: SORTED BY Symbol Address 

address    name
--------   ----
00000000   g_pfnVectors
00000001   __TI_args_main
00000064   __STACK_SIZE
0000026d   GPIOPadConfigSet
0000039d   SysCtlClockGet
000004a9   SysCtlClockSet
00000599   main
00000651   __aeabi_memcpy
00000651   __aeabi_memcpy4
00000651   __aeabi_memcpy8
00000651   memcpy
000006ed   __TI_auto_init
000007e1   GPIOPinConfigure
00000829   _c_int00
00000871   copy_in
000008b5   C$$EXIT
000008b9   abort
000008c1   exit
000008f9   UARTConfigSetExpClk
0000093d   SysCtlPeripheralEnable
00000971   GPIODirModeSet
0000099d   UARTDisable
000009b9   _args_main
000009d1   UARTEnable
000009e5   _register_unlock
000009eb   _register_lock
000009f3   _nop
000009f9   GPIOPinTypeUART
00000a0b   __TI_decompress_none
00000a19   ResetISR
00000a25   UARTCharGet
00000a2f   UARTCharPut
00000a39   SysCtlDelay
00000a3f   __TI_decompress_rle24
00000b48   __TI_static_base__
00000b58   __TI_Handler_Table_Base
00000b60   __TI_CINIT_Base
00000b60   __TI_Handler_Table_Limit
00000b68   __TI_CINIT_Limit
20000000   __stack
20000064   __STACK_END
20000064   _lock
20000068   _unlock
2000006c   __TI_cleanup_ptr
20000070   __TI_dtors_ptr
20000074   main_func_sp
20000200   __STACK_TOP
ffffffff   __binit__
ffffffff   __c_args__
ffffffff   binit
UNDEFED    SHT$$INIT_ARRAY$$Base
UNDEFED    SHT$$INIT_ARRAY$$Limit

[52 symbols]
